21:29:51,303 DEBUG RequestAddCookies:122 - CookieSpec selected: default
21:29:51,343 DEBUG RequestAuthCache:76 - Auth cache not set in the context
21:29:51,345 DEBUG PoolingHttpClientConnectionManager:249 - Connection request: [route: {}->http://localhost:46753][total kept alive: 0; route allocated: 0 of 2000; total allocated: 0 of 2000]
21:29:51,397 DEBUG PoolingHttpClientConnectionManager:282 - Connection leased: [id: 0][route: {}->http://localhost:46753][total kept alive: 0; route allocated: 1 of 2000; total allocated: 1 of 2000]
21:29:51,401 DEBUG MainClientExec:234 - Opening connection {}->http://localhost:46753
21:29:51,403 DEBUG DefaultHttpClientConnectionOperator:138 - Connecting to localhost/127.0.0.1:46753
21:29:51,406 DEBUG DefaultHttpClientConnectionOperator:145 - Connection established 127.0.0.1:51572<->127.0.0.1:46753
21:29:51,406 DEBUG DefaultManagedHttpClientConnection:90 - http-outgoing-0: set socket timeout to 10800000
21:29:51,407 DEBUG MainClientExec:255 - Executing request POST /session HTTP/1.1
21:29:51,407 DEBUG MainClientExec:260 - Target auth state: UNCHALLENGED
21:29:51,410 DEBUG MainClientExec:266 - Proxy auth state: UNCHALLENGED
21:29:51,412 DEBUG headers:135 - http-outgoing-0 >> POST /session HTTP/1.1
21:29:51,412 DEBUG headers:138 - http-outgoing-0 >> Content-Type: application/json; charset=utf-8
21:29:51,413 DEBUG headers:138 - http-outgoing-0 >> Content-Length: 661
21:29:51,413 DEBUG headers:138 - http-outgoing-0 >> Host: localhost:46753
21:29:51,413 DEBUG headers:138 - http-outgoing-0 >> Connection: Keep-Alive
21:29:51,415 DEBUG headers:138 - http-outgoing-0 >> User-Agent: Apache-HttpClient/4.5.2 (Java/1.8.0_60)
21:29:51,415 DEBUG headers:138 - http-outgoing-0 >> Accept-Encoding: gzip,deflate
21:29:51,416 DEBUG wire:72 - http-outgoing-0 >> "POST /session HTTP/1.1[\r][\n]"
21:29:51,416 DEBUG wire:72 - http-outgoing-0 >> "Content-Type: application/json; charset=utf-8[\r][\n]"
21:29:51,416 DEBUG wire:72 - http-outgoing-0 >> "Content-Length: 661[\r][\n]"
21:29:51,416 DEBUG wire:72 - http-outgoing-0 >> "Host: localhost:46753[\r][\n]"
21:29:51,417 DEBUG wire:72 - http-outgoing-0 >> "Connection: Keep-Alive[\r][\n]"
21:29:51,417 DEBUG wire:72 - http-outgoing-0 >> "User-Agent: Apache-HttpClient/4.5.2 (Java/1.8.0_60)[\r][\n]"
21:29:51,417 DEBUG wire:72 - http-outgoing-0 >> "Accept-Encoding: gzip,deflate[\r][\n]"
21:29:51,417 DEBUG wire:72 - http-outgoing-0 >> "[\r][\n]"
21:29:51,417 DEBUG wire:72 - http-outgoing-0 >> "{[\n]"
21:29:51,417 DEBUG wire:72 - http-outgoing-0 >> "  "desiredCapabilities": {[\n]"
21:29:51,418 DEBUG wire:72 - http-outgoing-0 >> "    "browserName": "chrome",[\n]"
21:29:51,418 DEBUG wire:72 - http-outgoing-0 >> "    "chromeOptions": {[\n]"
21:29:51,418 DEBUG wire:72 - http-outgoing-0 >> "      "args": [],[\n]"
21:29:51,418 DEBUG wire:72 - http-outgoing-0 >> "      "extensions": [][\n]"
21:29:51,418 DEBUG wire:72 - http-outgoing-0 >> "    },[\n]"
21:29:51,418 DEBUG wire:72 - http-outgoing-0 >> "    "version": "",[\n]"
21:29:51,419 DEBUG wire:72 - http-outgoing-0 >> "    "platform": "ANY"[\n]"
21:29:51,419 DEBUG wire:72 - http-outgoing-0 >> "  },[\n]"
21:29:51,419 DEBUG wire:72 - http-outgoing-0 >> "  "requiredCapabilities": {},[\n]"
21:29:51,419 DEBUG wire:72 - http-outgoing-0 >> "  "capabilities": {[\n]"
21:29:51,419 DEBUG wire:72 - http-outgoing-0 >> "    "desiredCapabilities": {[\n]"
21:29:51,419 DEBUG wire:72 - http-outgoing-0 >> "      "browserName": "chrome",[\n]"
21:29:51,420 DEBUG wire:72 - http-outgoing-0 >> "      "chromeOptions": {[\n]"
21:29:51,420 DEBUG wire:72 - http-outgoing-0 >> "        "args": [],[\n]"
21:29:51,420 DEBUG wire:72 - http-outgoing-0 >> "        "extensions": [][\n]"
21:29:51,420 DEBUG wire:72 - http-outgoing-0 >> "      },[\n]"
21:29:51,420 DEBUG wire:72 - http-outgoing-0 >> "      "version": "",[\n]"
21:29:51,420 DEBUG wire:72 - http-outgoing-0 >> "      "platform": "ANY"[\n]"
21:29:51,420 DEBUG wire:72 - http-outgoing-0 >> "    },[\n]"
21:29:51,421 DEBUG wire:72 - http-outgoing-0 >> "    "requiredCapabilities": {}[\n]"
21:29:51,421 DEBUG wire:72 - http-outgoing-0 >> "  },[\n]"
21:29:51,421 DEBUG wire:72 - http-outgoing-0 >> "  "alwaysMatch": {[\n]"
21:29:51,421 DEBUG wire:72 - http-outgoing-0 >> "    "version": "",[\n]"
21:29:51,421 DEBUG wire:72 - http-outgoing-0 >> "    "platform": "ANY"[\n]"
21:29:51,421 DEBUG wire:72 - http-outgoing-0 >> "  },[\n]"
21:29:51,421 DEBUG wire:72 - http-outgoing-0 >> "  "firstMatch": [[\n]"
21:29:51,421 DEBUG wire:72 - http-outgoing-0 >> "    {[\n]"
21:29:51,422 DEBUG wire:72 - http-outgoing-0 >> "      "browserName": "chrome",[\n]"
21:29:51,422 DEBUG wire:72 - http-outgoing-0 >> "      "chromeOptions": {[\n]"
21:29:51,422 DEBUG wire:72 - http-outgoing-0 >> "        "args": [],[\n]"
21:29:51,422 DEBUG wire:72 - http-outgoing-0 >> "        "extensions": [][\n]"
21:29:51,422 DEBUG wire:72 - http-outgoing-0 >> "      }[\n]"
21:29:51,422 DEBUG wire:72 - http-outgoing-0 >> "    }[\n]"
21:29:51,422 DEBUG wire:72 - http-outgoing-0 >> "  ][\n]"
21:29:51,423 DEBUG wire:86 - http-outgoing-0 >> "}"
21:29:52,838 DEBUG wire:72 - http-outgoing-0 << "HTTP/1.1 200 OK[\r][\n]"
21:29:52,838 DEBUG wire:72 - http-outgoing-0 << "Content-Length:795[\r][\n]"
21:29:52,838 DEBUG wire:72 - http-outgoing-0 << "Content-Type:application/json; charset=utf-8[\r][\n]"
21:29:52,839 DEBUG wire:72 - http-outgoing-0 << "Connection:close[\r][\n]"
21:29:52,839 DEBUG wire:72 - http-outgoing-0 << "[\r][\n]"
21:29:52,839 DEBUG wire:86 - http-outgoing-0 << "{"sessionId":"324c0908489026aa39e1bc3821bdcb8b","status":0,"value":{"acceptSslCerts":true,"applicationCacheEnabled":false,"browserConnectionEnabled":false,"browserName":"chrome","chrome":{"chromedriverVersion":"2.29.461585 (0be2cd95f834e9ee7c46bcc7cf405b483f5ae83b)","userDataDir":"/var/folders/0f/vgmpwk5s7s1cq1pqfqch1wr00000gn/T/.org.chromium.Chromium.8ZN2yA"},"cssSelectorsEnabled":true,"databaseEnabled":false,"handlesAlerts":true,"hasTouchScreen":false,"javascriptEnabled":true,"locationContextEnabled":true,"mobileEmulationEnabled":false,"nativeEvents":true,"networkConnectionEnabled":false,"pageLoadStrategy":"normal","platform":"Mac OS X","rotatable":false,"takesHeapSnapshot":true,"takesScreenshot":true,"unexpectedAlertBehaviour":"","version":"57.0.2987.133","webStorageEnabled":true}}"
21:29:52,848 DEBUG headers:124 - http-outgoing-0 << HTTP/1.1 200 OK
21:29:52,848 DEBUG headers:127 - http-outgoing-0 << Content-Length:795
21:29:52,848 DEBUG headers:127 - http-outgoing-0 << Content-Type:application/json; charset=utf-8
21:29:52,848 DEBUG headers:127 - http-outgoing-0 << Connection:close
21:29:52,861 DEBUG DefaultManagedHttpClientConnection:81 - http-outgoing-0: Close connection
21:29:52,862 DEBUG MainClientExec:103 - Connection discarded
21:29:52,862 DEBUG PoolingHttpClientConnectionManager:320 - Connection released: [id: 0][route: {}->http://localhost:46753][total kept alive: 0; route allocated: 0 of 2000; total allocated: 0 of 2000]
21:29:52,904 DEBUG RequestAddCookies:122 - CookieSpec selected: default
21:29:52,904 DEBUG RequestAuthCache:76 - Auth cache not set in the context
21:29:52,905 DEBUG PoolingHttpClientConnectionManager:249 - Connection request: [route: {}->http://localhost:46753][total kept alive: 0; route allocated: 0 of 2000; total allocated: 0 of 2000]
21:29:52,905 DEBUG PoolingHttpClientConnectionManager:282 - Connection leased: [id: 1][route: {}->http://localhost:46753][total kept alive: 0; route allocated: 1 of 2000; total allocated: 1 of 2000]
21:29:52,905 DEBUG MainClientExec:234 - Opening connection {}->http://localhost:46753
21:29:52,905 DEBUG DefaultHttpClientConnectionOperator:138 - Connecting to localhost/127.0.0.1:46753
21:29:52,905 DEBUG DefaultHttpClientConnectionOperator:145 - Connection established 127.0.0.1:51607<->127.0.0.1:46753
21:29:52,906 DEBUG DefaultManagedHttpClientConnection:90 - http-outgoing-1: set socket timeout to 10800000
21:29:52,906 DEBUG MainClientExec:255 - Executing request POST /session/324c0908489026aa39e1bc3821bdcb8b/url HTTP/1.1
21:29:52,906 DEBUG MainClientExec:260 - Target auth state: UNCHALLENGED
21:29:52,906 DEBUG MainClientExec:266 - Proxy auth state: UNCHALLENGED
21:29:52,908 DEBUG headers:135 - http-outgoing-1 >> POST /session/324c0908489026aa39e1bc3821bdcb8b/url HTTP/1.1
21:29:52,908 DEBUG headers:138 - http-outgoing-1 >> Content-Type: application/json; charset=utf-8
21:29:52,909 DEBUG headers:138 - http-outgoing-1 >> Content-Length: 32
21:29:52,909 DEBUG headers:138 - http-outgoing-1 >> Host: localhost:46753
21:29:52,909 DEBUG headers:138 - http-outgoing-1 >> Connection: Keep-Alive
21:29:52,909 DEBUG headers:138 - http-outgoing-1 >> User-Agent: Apache-HttpClient/4.5.2 (Java/1.8.0_60)
21:29:52,909 DEBUG headers:138 - http-outgoing-1 >> Accept-Encoding: gzip,deflate
21:29:52,909 DEBUG wire:72 - http-outgoing-1 >> "POST /session/324c0908489026aa39e1bc3821bdcb8b/url HTTP/1.1[\r][\n]"
21:29:52,910 DEBUG wire:72 - http-outgoing-1 >> "Content-Type: application/json; charset=utf-8[\r][\n]"
21:29:52,910 DEBUG wire:72 - http-outgoing-1 >> "Content-Length: 32[\r][\n]"
21:29:52,910 DEBUG wire:72 - http-outgoing-1 >> "Host: localhost:46753[\r][\n]"
21:29:52,910 DEBUG wire:72 - http-outgoing-1 >> "Connection: Keep-Alive[\r][\n]"
21:29:52,910 DEBUG wire:72 - http-outgoing-1 >> "User-Agent: Apache-HttpClient/4.5.2 (Java/1.8.0_60)[\r][\n]"
21:29:52,910 DEBUG wire:72 - http-outgoing-1 >> "Accept-Encoding: gzip,deflate[\r][\n]"
21:29:52,911 DEBUG wire:72 - http-outgoing-1 >> "[\r][\n]"
21:29:52,911 DEBUG wire:86 - http-outgoing-1 >> "{"url":"https://madamhuang.com"}"
21:29:54,546 DEBUG wire:72 - http-outgoing-1 << "HTTP/1.1 200 OK[\r][\n]"
21:29:54,546 DEBUG wire:72 - http-outgoing-1 << "Content-Length:72[\r][\n]"
21:29:54,546 DEBUG wire:72 - http-outgoing-1 << "Content-Type:application/json; charset=utf-8[\r][\n]"
21:29:54,546 DEBUG wire:72 - http-outgoing-1 << "Connection:close[\r][\n]"
21:29:54,547 DEBUG wire:72 - http-outgoing-1 << "[\r][\n]"
21:29:54,547 DEBUG wire:86 - http-outgoing-1 << "{"sessionId":"324c0908489026aa39e1bc3821bdcb8b","status":0,"value":null}"
21:29:54,547 DEBUG headers:124 - http-outgoing-1 << HTTP/1.1 200 OK
21:29:54,548 DEBUG headers:127 - http-outgoing-1 << Content-Length:72
21:29:54,548 DEBUG headers:127 - http-outgoing-1 << Content-Type:application/json; charset=utf-8
21:29:54,548 DEBUG headers:127 - http-outgoing-1 << Connection:close
21:29:54,549 DEBUG DefaultManagedHttpClientConnection:81 - http-outgoing-1: Close connection
21:29:54,549 DEBUG MainClientExec:103 - Connection discarded
21:29:54,549 DEBUG PoolingHttpClientConnectionManager:320 - Connection released: [id: 1][route: {}->http://localhost:46753][total kept alive: 0; route allocated: 0 of 2000; total allocated: 0 of 2000]
21:29:54,591 DEBUG RequestAddCookies:122 - CookieSpec selected: default
21:29:54,591 DEBUG RequestAuthCache:76 - Auth cache not set in the context
21:29:54,591 DEBUG PoolingHttpClientConnectionManager:249 - Connection request: [route: {}->http://localhost:46753][total kept alive: 0; route allocated: 0 of 2000; total allocated: 0 of 2000]
21:29:54,592 DEBUG PoolingHttpClientConnectionManager:282 - Connection leased: [id: 2][route: {}->http://localhost:46753][total kept alive: 0; route allocated: 1 of 2000; total allocated: 1 of 2000]
21:29:54,592 DEBUG MainClientExec:234 - Opening connection {}->http://localhost:46753
21:29:54,592 DEBUG DefaultHttpClientConnectionOperator:138 - Connecting to localhost/127.0.0.1:46753
21:29:54,592 DEBUG DefaultHttpClientConnectionOperator:145 - Connection established 127.0.0.1:51626<->127.0.0.1:46753
21:29:54,592 DEBUG DefaultManagedHttpClientConnection:90 - http-outgoing-2: set socket timeout to 10800000
21:29:54,593 DEBUG MainClientExec:255 - Executing request POST /session/324c0908489026aa39e1bc3821bdcb8b/elements HTTP/1.1
21:29:54,593 DEBUG MainClientExec:260 - Target auth state: UNCHALLENGED
21:29:54,593 DEBUG MainClientExec:266 - Proxy auth state: UNCHALLENGED
21:29:54,593 DEBUG headers:135 - http-outgoing-2 >> POST /session/324c0908489026aa39e1bc3821bdcb8b/elements HTTP/1.1
21:29:54,593 DEBUG headers:138 - http-outgoing-2 >> Content-Type: application/json; charset=utf-8
21:29:54,593 DEBUG headers:138 - http-outgoing-2 >> Content-Length: 41
21:29:54,593 DEBUG headers:138 - http-outgoing-2 >> Host: localhost:46753
21:29:54,593 DEBUG headers:138 - http-outgoing-2 >> Connection: Keep-Alive
21:29:54,593 DEBUG headers:138 - http-outgoing-2 >> User-Agent: Apache-HttpClient/4.5.2 (Java/1.8.0_60)
21:29:54,594 DEBUG headers:138 - http-outgoing-2 >> Accept-Encoding: gzip,deflate
21:29:54,594 DEBUG wire:72 - http-outgoing-2 >> "POST /session/324c0908489026aa39e1bc3821bdcb8b/elements HTTP/1.1[\r][\n]"
21:29:54,594 DEBUG wire:72 - http-outgoing-2 >> "Content-Type: application/json; charset=utf-8[\r][\n]"
21:29:54,594 DEBUG wire:72 - http-outgoing-2 >> "Content-Length: 41[\r][\n]"
21:29:54,594 DEBUG wire:72 - http-outgoing-2 >> "Host: localhost:46753[\r][\n]"
21:29:54,594 DEBUG wire:72 - http-outgoing-2 >> "Connection: Keep-Alive[\r][\n]"
21:29:54,594 DEBUG wire:72 - http-outgoing-2 >> "User-Agent: Apache-HttpClient/4.5.2 (Java/1.8.0_60)[\r][\n]"
21:29:54,594 DEBUG wire:72 - http-outgoing-2 >> "Accept-Encoding: gzip,deflate[\r][\n]"
21:29:54,594 DEBUG wire:72 - http-outgoing-2 >> "[\r][\n]"
21:29:54,594 DEBUG wire:86 - http-outgoing-2 >> "{"using":"class name","value":"nav-item"}"
21:29:54,627 DEBUG wire:72 - http-outgoing-2 << "HTTP/1.1 200 OK[\r][\n]"
21:29:54,627 DEBUG wire:72 - http-outgoing-2 << "Content-Length:70[\r][\n]"
21:29:54,627 DEBUG wire:72 - http-outgoing-2 << "Content-Type:application/json; charset=utf-8[\r][\n]"
21:29:54,627 DEBUG wire:72 - http-outgoing-2 << "Connection:close[\r][\n]"
21:29:54,627 DEBUG wire:72 - http-outgoing-2 << "[\r][\n]"
21:29:54,628 DEBUG wire:86 - http-outgoing-2 << "{"sessionId":"324c0908489026aa39e1bc3821bdcb8b","status":0,"value":[]}"
21:29:54,628 DEBUG headers:124 - http-outgoing-2 << HTTP/1.1 200 OK
21:29:54,628 DEBUG headers:127 - http-outgoing-2 << Content-Length:70
21:29:54,628 DEBUG headers:127 - http-outgoing-2 << Content-Type:application/json; charset=utf-8
21:29:54,628 DEBUG headers:127 - http-outgoing-2 << Connection:close
21:29:54,628 DEBUG DefaultManagedHttpClientConnection:81 - http-outgoing-2: Close connection
21:29:54,629 DEBUG MainClientExec:103 - Connection discarded
21:29:54,629 DEBUG PoolingHttpClientConnectionManager:320 - Connection released: [id: 2][route: {}->http://localhost:46753][total kept alive: 0; route allocated: 0 of 2000; total allocated: 0 of 2000]
